// Jest Snapshot v1, https://goo.gl/fbAQLP

exports[`Loader.vue renders the Loader and it looks the same 1`] = `<!--v-if-->`;
