// Jest Snapshot v1, https://goo.gl/fbAQLP

exports[`Footer.vue renders the Footer and it looks the same 1`] = `
<footer>
  <h4>
    AFRICAN INSTITUTE OF FINANCIAL MARKETS AND RISK MANAGEMENT
  </h4>
  <p>
    Faculty of Commerce
  </p>
  <p>
    University of Cape Town
  </p>
  <p>
     Â© 2021 Copyright: 
    <a
      href="http://www.aifmrm.uct.ac.za/"
    >
       AIFMRM
    </a>
  </p>
</footer>
`;
